// Jest Snapshot v1, https://jestjs.io/docs/snapshot-testing

exports[`ChessBoard should render 1`] = `
<div>
  <div
    class="flex justify-center items-center"
  >
    <div
      class="grid border border-gray-800 rounded-md w-full h-full"
      style="grid-template-rows: 32px 1fr 32px; grid-template-columns: 32px 1fr 32px;"
    >
      <div>
        BoardLabels
      </div>
      <div>
        BoardGame
      </div>
    </div>
  </div>
</div>
`;
